node.exe : Node.js 
version v25.2.1 
detected.
At line:1 char:1
+ & "C:\Program Files
\nodejs/node.exe" "C:
\Users\darsh\AppData\
Roaming\ ...
+ ~~~~~~~~~~~~~~~~~~~
~~~~~~~~~~~~~~~~~~~~~
~~~~~~~~~~~~~~~~~~~~~
~~~~~~~~
    + CategoryInfo   
           : NotSpe  
  cified: (Node.js   
  version v25.2.1    
 detected.:Strin    
g) [], RemoteExc    
eption
    + FullyQualified 
   ErrorId : Native  
  CommandError
 
Odd numbered Node.js 
versions will not 
enter LTS status and 
should not be used 
for production. For 
more information, 
please see https://no
dejs.org/en/about/pre
vious-releases/.
[33mΓ¥»[39m Building...
[32mΓ£ö[39m Building...
Application bundle generation failed. [1.869 seconds] - 2026-03-15T10:40:22.487Z

[1m[31m[31mX [41;
31m[[41;97mERROR[41
;31m][0m 
[1mNG2008: Could 
not find stylesheet 
file './app.component
.scss'.[0m 
[1m[35m[plugin 
angular-compiler][0m

    src/app/app.compo
nent.ts:9:14:
[37m      9 Γöé   
styleUrls: [[32m'./a
pp.component.scss'[3
7m]
        Γò╡          
     [32m~~~~~~~~~~~
~~~~~~~~~~~[0m

[39m[22m
